// Jest Snapshot v1, https://goo.gl/fbAQLP

exports[`# SearchBox should render search box 1`] = `
<div
  class="sticky"
>
  <input
    class="search"
    placeholder="search..."
    type="search"
  />
</div>
`;
