// Jest Snapshot v1, https://goo.gl/fbAQLP

exports[`# Landing should render basic component 1`] = `
<p>
  children
</p>
`;
