// Jest Snapshot v1, https://goo.gl/fbAQLP

exports[`# App should render basic app 1`] = `
<div>
  Hello World
</div>
`;
